[getbootstrap.com/index.html]
[backblue.gif]
[fade.gif]
[index.html]
[getbootstrap.com/dist/css/bootstrap.min.css]
[getbootstrap.com/assets/css/docs.min.css]
[getbootstrap.com/assets/js/ie-emulation-modes-warning.js]
[getbootstrap.com/apple-touch-icon.png]
[getbootstrap.com/favicon.ico]
[www.google-analytics.com/analytics.js]
[getbootstrap.com/assets/img/sass-less.png]
[getbootstrap.com/getting-started/index.html]
[getbootstrap.com/assets/img/devices.png]
[getbootstrap.com/assets/img/components.png]
[getbootstrap.com/assets/img/expo-lyft.jpg]
[getbootstrap.com/customize/index.html]
[getbootstrap.com/assets/img/expo-vogue.jpg]
[getbootstrap.com/css/index.html]
[getbootstrap.com/components/index.html]
[getbootstrap.com/assets/img/expo-riot.jpg]
[getbootstrap.com/javascript/index.html]
[getbootstrap.com/assets/img/expo-newsweek.jpg]
[getbootstrap.com/about/index.html]
[getbootstrap.com/assets/js/ie10-viewport-bug-workaround.js]
[secure.gaug.es/track.js]
[getbootstrap.com/index.html]
[getbootstrap.com/dist/js/bootstrap.min.js]
[getbootstrap.com/dist/fonts/glyphicons-halflings-regular.woff2]
[getbootstrap.com/assets/js/docs.min.js]
[getbootstrap.com/dist/fonts/glyphicons-halflings-regular.eot]
[getbootstrap.com/assets/js/vendor/jquery.min.js]
[getbootstrap.com/dist/css/bootstrap.min.css]
[getbootstrap.com/assets/css/docs.min.css]
[getbootstrap.com/dist/fonts/glyphicons-halflings-regular.svg]
[getbootstrap.com/dist/fonts/glyphicons-halflings-regulard41d.eot]
[getbootstrap.com/dist/fonts/glyphicons-halflings-regular.woff]
[getbootstrap.com/dist/fonts/glyphicons-halflings-regular.ttf]
[github-cloud.s3.amazonaws.com/releases/2126244/bootstrap-3.3.7-dist8dcd.zip]
[getbootstrap.com/cdn-cgi/l/email-protection.html]
[getbootstrap.com/examples/screenshots/starter-template.jpg]
[getbootstrap.com/examples/starter-template/index.html]
[getbootstrap.com/examples/screenshots/theme.jpg]
[getbootstrap.com/examples/screenshots/grid.jpg]
[getbootstrap.com/examples/grid/index.html]
[getbootstrap.com/examples/screenshots/jumbotron.jpg]
[getbootstrap.com/examples/theme/index.html]
[getbootstrap.com/examples/screenshots/jumbotron-narrow.jpg]
[getbootstrap.com/examples/jumbotron/index.html]
[getbootstrap.com/examples/jumbotron-narrow/index.html]
[getbootstrap.com/examples/screenshots/navbar.jpg]
[getbootstrap.com/examples/screenshots/navbar-static.jpg]
[getbootstrap.com/examples/navbar/index.html]
[getbootstrap.com/examples/navbar-static-top/index.html]
[getbootstrap.com/examples/screenshots/navbar-fixed.jpg]
[getbootstrap.com/examples/screenshots/cover.jpg]
[getbootstrap.com/examples/navbar-fixed-top/index.html]
[getbootstrap.com/examples/screenshots/carousel.jpg]
[getbootstrap.com/examples/cover/index.html]
[getbootstrap.com/examples/carousel/index.html]
[getbootstrap.com/examples/screenshots/blog.jpg]
[getbootstrap.com/examples/dashboard/index.html]
[getbootstrap.com/examples/screenshots/dashboard.jpg]
[getbootstrap.com/examples/screenshots/sign-in.jpg]
[getbootstrap.com/examples/screenshots/justified-nav.jpg]
[getbootstrap.com/examples/signin/index.html]
[getbootstrap.com/examples/screenshots/sticky-footer.jpg]
[getbootstrap.com/examples/justified-nav/index.html]
[getbootstrap.com/examples/blog/index.html]
[getbootstrap.com/examples/screenshots/sticky-footer-navbar.jpg]
[getbootstrap.com/examples/sticky-footer/index.html]
[getbootstrap.com/examples/sticky-footer-navbar/index.html]
[getbootstrap.com/examples/screenshots/non-responsive.jpg]
[getbootstrap.com/examples/non-responsive/index.html]
[getbootstrap.com/examples/offcanvas/index.html]
[getbootstrap.com/examples/screenshots/offcanvas.jpg]
[getbootstrap.com/getting-started/index.html]
[getbootstrap.com/migration/index.html]
[getbootstrap.com/browser-bugs/index.html]
[getbootstrap.com/css/index.html]
[getbootstrap.com/components/index.html]
[getbootstrap.com/javascript/index.html]
[getbootstrap.com/customize/index.html]
[secure.gravatar.com/avatar/bc4ab438f7a4ce1c406aadc688427f2cc3b8.jpeg]
[secure.gravatar.com/avatar/a98244cbdacaf1c0b55499466002f7a8c3b8.png]
[secure.gravatar.com/avatar/edec428c425453955f770095a7d26c50c3b8.png]
[secure.gravatar.com/avatar/0f7dd3ce58a416be5685ea6194f82b11c3b8.jpeg]
[secure.gravatar.com/avatar/e37759b1ea0125d4e97b1e00b5eed26fc3b8.jpeg]
[secure.gravatar.com/avatar/0d53f5d3d3d28bd470f394d98f7ef48fc3b8.png]
[secure.gravatar.com/avatar/357f279672db832fc41a5a2f36559fcbc3b8.jpeg]
[secure.gravatar.com/avatar/24cd55ab1a62ffb113ab8c02f64c9301c3b8.jpeg]
[secure.gravatar.com/avatar/729f685b8e8d7e9feed18c177c82e59bc3b8.jpeg]
[getbootstrap.com/assets/brand/bootstrap-solid.svg]
[getbootstrap.com/assets/brand/bootstrap-outline.svg]
[getbootstrap.com/about/index.html]
[getbootstrap.com/assets/brand/bootstrap-punchout.svg]
[getbootstrap.com/track.js]
[getbootstrap.com/track.gif]
[secure.gaug.es/track.js]
[getbootstrap.com/dist/fonts/glyphicons-halflings-regular.svg]
[getbootstrap.com/cdn-cgi/l/email-protection.html]
[getbootstrap.com/assets/css/ie10-viewport-bug-workaround.css]
[getbootstrap.com/examples/starter-template/index.html]
[getbootstrap.com/examples/starter-template/starter-template.css]
[getbootstrap.com/dist/css/bootstrap-theme.min.css]
[getbootstrap.com/examples/theme/index.html]
[getbootstrap.com/examples/theme/theme.css]
[getbootstrap.com/examples/grid/index.html]
[getbootstrap.com/examples/grid/grid.css]
[getbootstrap.com/examples/jumbotron/index.html]
[getbootstrap.com/examples/jumbotron/jumbotron.css]
[getbootstrap.com/examples/jumbotron-narrow/index.html]
[getbootstrap.com/examples/jumbotron-narrow/jumbotron-narrow.css]
[getbootstrap.com/examples/navbar/index.html]
[getbootstrap.com/examples/navbar/navbar.css]
[getbootstrap.com/examples/navbar-static-top/index.html]
[getbootstrap.com/examples/navbar-static-top/navbar-static-top.css]
[getbootstrap.com/examples/navbar-fixed-top/index.html]
[getbootstrap.com/examples/navbar-fixed-top/navbar-fixed-top.css]
[getbootstrap.com/examples/cover/index.html]
[getbootstrap.com/examples/cover/cover.css]
[getbootstrap.com/examples/carousel/index.html]
[getbootstrap.com/assets/js/vendor/holder.min.js]
[getbootstrap.com/examples/carousel/carousel.css]
[getbootstrap.com/examples/blog/index.html]
[getbootstrap.com/examples/blog/blog.css]
[getbootstrap.com/examples/dashboard/index.html]
[getbootstrap.com/examples/dashboard/dashboard.css]
[getbootstrap.com/examples/signin/index.html]
[getbootstrap.com/examples/signin/signin.css]
[getbootstrap.com/examples/justified-nav/index.html]
[getbootstrap.com/examples/justified-nav/justified-nav.css]
[getbootstrap.com/examples/sticky-footer/sticky-footer.css]
[getbootstrap.com/examples/sticky-footer/index.html]
[getbootstrap.com/examples/sticky-footer-navbar/sticky-footer-navbar.css]
[getbootstrap.com/examples/sticky-footer-navbar/index.html]
[getbootstrap.com/examples/non-responsive/index.html]
[getbootstrap.com/examples/non-responsive/non-responsive.css]
[getbootstrap.com/examples/offcanvas/offcanvas.css]
[getbootstrap.com/examples/offcanvas/index.html]
[getbootstrap.com/migration/index.html]
[getbootstrap.com/browser-bugs/index.html]
[getbootstrap.com/examples/offcanvas/offcanvas.js]
[getbootstrap.com/assets/js/customize.min.js]
[getbootstrap.com/assets/brand/bootstrap-solid.svg]
[getbootstrap.com/assets/brand/bootstrap-outline.svg]
[getbootstrap.com/assets/brand/bootstrap-punchout.svg]
[getbootstrap.com/track.html]
[getbootstrap.com/track-2.html]
[getbootstrap.com/assets/css/ie10-viewport-bug-workaround.css]
[getbootstrap.com/examples/starter-template/starter-template.css]
[getbootstrap.com/dist/css/bootstrap-theme.min.css]
[getbootstrap.com/examples/theme/theme.css]
[getbootstrap.com/examples/grid/grid.css]
[getbootstrap.com/examples/jumbotron/jumbotron.css]
[getbootstrap.com/examples/jumbotron-narrow/jumbotron-narrow.css]
[getbootstrap.com/examples/navbar/navbar.css]
[getbootstrap.com/examples/navbar-static-top/navbar-static-top.css]
[getbootstrap.com/examples/navbar-fixed-top/navbar-fixed-top.css]
[getbootstrap.com/examples/cover/cover.css]
[getbootstrap.com/examples/carousel/carousel.css]
[getbootstrap.com/examples/blog/blog.css]
[getbootstrap.com/examples/dashboard/dashboard.css]
[getbootstrap.com/examples/signin/signin.css]
[getbootstrap.com/examples/justified-nav/justified-nav.css]
[getbootstrap.com/examples/sticky-footer/sticky-footer.css]
[getbootstrap.com/examples/sticky-footer-navbar/sticky-footer-navbar.css]
[getbootstrap.com/examples/non-responsive/non-responsive.css]
[getbootstrap.com/examples/offcanvas/offcanvas.css]
[ajax.googleapis.com/ajax/libs/jquery/1.12.4/jquery.min.js]
